{
 "tic": 426032475,
 "P_cand": 37.60579,
 "npts": 20186,
 "baseline": 2607.8201759271014,
 "nperiods": 523904,
 "pmin": 0.5,
 "pmax": 60.0,
 "cand_P": 37.60571855691872,
 "cand_snr": 7.181346024683139,
 "cand_sde": 4.4720225706838095,
 "cand_is_global_max": false,
 "cand_rank": 8,
 "global_P": 45.72980155206559,
 "global_snr": 7.596809186146569,
 "global_sde": 4.995782550051651,
 "cand_depth_ppm": 147.30127730207454,
 "cand_dur_h": 6.0,
 "cand_t0": 1332.1777399862679
}
top peaks: [(45.7298, 7.6, 5.0), (57.4279, 7.6, 5.0), (19.1436, 7.5, 4.9), (51.4457, 7.5, 4.8), (12.729, 7.3, 4.6), (52.8714, 7.2, 4.6), (18.0638, 7.2, 4.5), (37.6057, 7.2, 4.5)]
