Transit Least Squares TLS 2.0 (5 Oct 2026)
Creating model cache for 60 durations
Searching 86095 data points, 591 periods from 37.231 to 37.981 days
Using all 4 CPU threads
{
 "tic": 426032475,
 "P": 37.60633077926373,
 "t0": 1332.1473580310828,
 "dur_h": 5.3999999999999995,
 "depth_ppm": 158.2492846455773,
 "depth_err_ppm": 22.034392927196752,
 "bls_snr": 7.181921697068966,
 "depth_odd_ppm": 155.69623625555363,
 "depth_odd_err": 28.402360364325375,
 "depth_even_ppm": 162.07905235299248,
 "depth_even_err": 34.75977876297229,
 "depth_half_ppm": 91.56708073609909,
 "depth_half_err": 17.253450555162246,
 "depth_phased_ppm": -12.676770014152794,
 "depth_phased_err": 27.525108266161492,
 "harmonic_delta_log_likelihood": -24.519058403566305,
 "npts": 99443,
 "nsec": 7,
 "baseline": 2607.8326758059975,
 "sap_depth_ppm": 177.2294256230378,
 "sap_depth_err_ppm": 27.67911688567837,
 "sap_over_pdc_depth": 1.119938241869272,
 "bkg_in_transit_over_median": 0.9782218710396302,
 "n_transits": 6,
 "n_transits_positive": 6,
 "depth_wmean_ppm": 187.59690340803303,
 "depth_wmean_err_ppm": 22.35451478345238,
 "chi2_red_depths": 1.411930088486276,
 "snr_combined": 8.391902272327513,
 "snr_without_strongest": 6.737410233008952,
 "n_transits_snr_gt2": 6,
 "max_single_snr": 5.3021868787276345,
 "sectors_with_transits": [
  1,
  2,
  13,
  93,
  95,
  96
 ],
 "tls": {
  "P": 37.606323664035756,
  "t0": 1332.2071080459698,
  "SDE": 6.284757560268068,
  "snr": 1.920305443075693,
  "depth": 0.9997701089362244,
  "rp_rs": 0.013635409705194,
  "duration_h": 0.22067910805056035,
  "odd_even_mismatch": 0.22697677157162563,
  "transit_count": 70,
  "distinct_transit_count": 5,
  "R_star": 1.86421,
  "M_star": 1.23,
  "npts_used": 86095,
  "tls_matches_bls": true
 }
}
per-transit (sector, depth, snr): [(1, 109, np.float64(2.2)), (2, 248, np.float64(2.4)), (13, 142, np.float64(2.9)), (93, 231, np.float64(4.8)), (95, 267, np.float64(5.3)), (96, 166, np.float64(2.7))]
