{
 "tic": 295541511,
 "sector": 101,
 "n_transits_used": 6,
 "target_pix": [
  4.01125965861663,
  4.84138777710458
 ],
 "direct_centroid": [
  4.1249117592183,
  4.8045918666114025
 ],
 "diff_centroid_in_aperture": [
  4.119434973757125,
  4.59953155203279
 ],
 "diff_centroid_snr3": [
  NaN,
  NaN
 ],
 "offset_pix": 0.20513343899537018,
 "offset_arcsec": 4.307802218902774,
 "offset_from_target_pix": 0.26494590468947005,
 "max_diff_snr": 2.8186082605017657,
 "diff_peak_pix": [
  4,
  5
 ],
 "direct_peak_pix": [
  4,
  5
 ],
 "total_depth_in_aperture_ppm": 465.96491394104834
}
