{
 "tic": 295541511,
 "P_cand": 4.57866,
 "npts": 14815,
 "baseline": 1815.437227578449,
 "nperiods": 364716,
 "pmin": 0.5,
 "pmax": 60.0,
 "cand_P": 4.578649389025934,
 "cand_snr": 10.645712245870309,
 "cand_sde": 9.930581952143951,
 "cand_is_global_max": true,
 "cand_rank": 1,
 "global_P": 4.578649389025934,
 "global_snr": 10.645712245870309,
 "global_sde": 9.930581952143951,
 "cand_depth_ppm": 439.9882242715791,
 "cand_dur_h": 1.5,
 "cand_t0": 2366.124634899278
}
top peaks: [(4.5786, 10.6, 9.9), (9.1573, 8.8, 7.4), (2.2893, 7.8, 6.1), (13.736, 7.3, 5.4), (3.0494, 7.1, 5.2), (1.5262, 7.0, 5.0), (6.8679, 6.9, 4.8), (18.3206, 6.8, 4.8)]
