Transit Least Squares TLS 2.0 (5 Oct 2026)
Creating model cache for 60 durations
Searching 73668 data points, 1421 periods from 4.533 to 4.624 days
Using all 4 CPU threads
{
 "tic": 295541511,
 "P": 4.5786363450093,
 "t0": 2366.126127743605,
 "dur_h": 1.53,
 "depth_ppm": 458.4797260160925,
 "depth_err_ppm": 40.92417450710266,
 "bls_snr": 11.203151475578826,
 "depth_odd_ppm": 523.8357507320046,
 "depth_odd_err": 58.10642288235873,
 "depth_even_ppm": 395.0387697421176,
 "depth_even_err": 57.25467959450356,
 "depth_half_ppm": 235.15798737061556,
 "depth_half_err": 29.074289242600226,
 "depth_phased_ppm": 13.769727052137526,
 "depth_phased_err": 40.73567326666051,
 "harmonic_delta_log_likelihood": -62.46483978733886,
 "npts": 73668,
 "nsec": 5,
 "baseline": 1815.4511169398088,
 "sap_depth_ppm": 426.58670429795984,
 "sap_depth_err_ppm": 49.1818677467985,
 "sap_over_pdc_depth": 0.9304374437769288,
 "bkg_in_transit_over_median": 0.9998185076565874,
 "n_transits": 22,
 "n_transits_positive": 21,
 "depth_wmean_ppm": 465.11513134173066,
 "depth_wmean_err_ppm": 40.515923303233464,
 "chi2_red_depths": 1.4852422999190078,
 "snr_combined": 11.479810736649586,
 "snr_without_strongest": 10.565917298832435,
 "n_transits_snr_gt2": 13,
 "max_single_snr": 5.153935185185185,
 "sectors_with_transits": [
  39,
  100,
  101,
  102,
  103
 ],
 "tls": {
  "P": 4.578645371146134,
  "t0": 2366.125421200548,
  "SDE": 11.62914466638687,
  "snr": 3.5061980527117385,
  "depth": 0.9995266091126209,
  "rp_rs": 0.01956667780099188,
  "duration_h": 0.09657051378673485,
  "odd_even_mismatch": 0.8698344303727884,
  "transit_count": 396,
  "distinct_transit_count": 22,
  "R_star": 1.02422,
  "M_star": 1.02,
  "npts_used": 73668,
  "tls_matches_bls": true
 }
}
per-transit (sector, depth, snr): [(39, 181, np.float64(1.0)), (39, 287, np.float64(1.7)), (39, 226, np.float64(1.1)), (39, 535, np.float64(2.8)), (39, 638, np.float64(3.3)), (100, 589, np.float64(3.2)), (100, 658, np.float64(3.5)), (100, 357, np.float64(1.8)), (100, -3, np.float64(-0.0)), (101, 583, np.float64(3.1)), (101, 891, np.float64(5.2)), (101, 607, np.float64(3.6)), (101, 836, np.float64(4.0)), (101, 142, np.float64(0.8)), (102, 488, np.float64(2.5)), (102, 630, np.float64(3.4)), (102, 343, np.float64(1.8)), (102, 247, np.float64(1.3)), (103, 459, np.float64(2.4)), (103, 287, np.float64(1.4)), (103, 550, np.float64(2.5)), (103, 642, np.float64(3.4))]
