{
 "tic": 424388628,
 "sector": 75,
 "n_transits_used": 1,
 "target_pix": [
  4.673049645378232,
  4.773657026540828
 ],
 "direct_centroid": [
  4.471370140500936,
  4.579450165795367
 ],
 "diff_centroid_in_aperture": [
  3.8403359635828904,
  4.485000338172883
 ],
 "diff_centroid_snr3": [
  4.541991657928338,
  5.137179373450929
 ],
 "offset_pix": 0.6380633999662978,
 "offset_arcsec": 13.399331399292254,
 "offset_from_target_pix": 0.8813255695761375,
 "max_diff_snr": 4.357382536250878,
 "diff_peak_pix": [
  0,
  3
 ],
 "direct_peak_pix": [
  5,
  4
 ],
 "total_depth_in_aperture_ppm": -2.3823407204565674
}
