{
 "tic": 424388628,
 "sector": 17,
 "n_transits_used": 2,
 "target_pix": [
  3.8726641103761983,
  3.9971749830086427
 ],
 "direct_centroid": [
  4.173242691147513,
  3.9238858639206096
 ],
 "diff_centroid_in_aperture": [
  4.401390854102306,
  4.148652051348534
 ],
 "diff_centroid_snr3": [
  NaN,
  NaN
 ],
 "offset_pix": 0.32026773685548127,
 "offset_arcsec": 6.725622473965107,
 "offset_from_target_pix": 0.5499975197799182,
 "max_diff_snr": 2.1171460584610995,
 "diff_peak_pix": [
  8,
  5
 ],
 "direct_peak_pix": [
  4,
  4
 ],
 "total_depth_in_aperture_ppm": 554.5420648384414
}
