{
 "tic": 424388628,
 "sector": 48,
 "n_transits_used": 2,
 "target_pix": [
  4.76673674638177,
  4.319929718537671
 ],
 "direct_centroid": [
  4.881140469905028,
  4.057731846465959
 ],
 "diff_centroid_in_aperture": [
  5.226591637506319,
  3.92753989774795
 ],
 "diff_centroid_snr3": [
  7.680696073622862,
  4.0564195630213264
 ],
 "offset_pix": 0.3691699509820481,
 "offset_arcsec": 7.75256897062301,
 "offset_from_target_pix": 0.6045132689615345,
 "max_diff_snr": 3.9488075105545843,
 "diff_peak_pix": [
  8,
  5
 ],
 "direct_peak_pix": [
  5,
  4
 ],
 "total_depth_in_aperture_ppm": 287.3128966746258
}
