{
 "tic": 424388628,
 "P_cand": 14.73088,
 "npts": 108180,
 "baseline": 1979.2642724909033,
 "nperiods": 397629,
 "pmin": 0.5,
 "pmax": 60.0,
 "cand_P": 14.730815562220283,
 "cand_snr": 5.843568356401801,
 "cand_sde": 3.8636735230514554,
 "cand_is_global_max": false,
 "cand_rank": 9,
 "global_P": 27.874570921298087,
 "global_snr": 6.537323127180307,
 "global_sde": 4.922812989949999,
 "cand_depth_ppm": 139.493600831492,
 "cand_dur_h": 0.9375,
 "cand_t0": 1696.4483728595565
}
top peaks: [(27.8746, 6.5, 4.9), (24.9003, 6.4, 4.8), (31.0215, 6.3, 4.6), (51.3771, 6.3, 4.6), (39.4421, 6.3, 4.5), (0.7047, 6.3, 4.5), (29.9126, 6.2, 4.4), (43.7412, 6.1, 4.3)]
