Transit Least Squares TLS 2.0 (5 Oct 2026)
Creating model cache for 60 durations
Searching 390042 data points, 1264 periods from 14.584 to 14.878 days
Using all 4 CPU threads
{
 "tic": 424388628,
 "P": 14.7309090783905,
 "t0": 1696.4364804256431,
 "dur_h": 0.8999999999999999,
 "depth_ppm": 153.34687789034786,
 "depth_err_ppm": 24.166155869157105,
 "bls_snr": 6.345522172438775,
 "depth_odd_ppm": 121.07636222369322,
 "depth_odd_err": 34.446502113632185,
 "depth_even_ppm": 184.55866534361488,
 "depth_even_err": 33.877318531056176,
 "depth_half_ppm": 59.66556251479904,
 "depth_half_err": 16.031863565770063,
 "depth_phased_ppm": -13.593934071298719,
 "depth_phased_err": 21.38080066102544,
 "harmonic_delta_log_likelihood": -19.528985471697524,
 "npts": 536590,
 "nsec": 35,
 "baseline": 1979.2726058899634,
 "sap_depth_ppm": 152.6371880693489,
 "sap_depth_err_ppm": 29.9285090844247,
 "sap_over_pdc_depth": 0.995371996934255,
 "bkg_in_transit_over_median": 1.1655727180951527,
 "n_transits": 43,
 "n_transits_positive": 35,
 "depth_wmean_ppm": 158.99350611164402,
 "depth_wmean_err_ppm": 24.53101651786409,
 "chi2_red_depths": 1.089234400162481,
 "snr_combined": 6.48132563099703,
 "snr_without_strongest": 6.004970327036093,
 "n_transits_snr_gt2": 6,
 "max_single_snr": 3.6030864197530867,
 "sectors_with_transits": [
  15,
  16,
  17,
  18,
  20,
  21,
  23,
  24,
  25,
  26,
  40,
  50,
  51,
  52,
  53,
  54,
  55,
  75,
  76,
  78,
  80,
  81,
  82,
  83,
  86
 ],
 "tls": {
  "P": 14.73099882807584,
  "t0": 1725.8903492534334,
  "SDE": 5.178777114675028,
  "snr": 4.322227953369381,
  "depth": 0.9998508344870064,
  "rp_rs": 0.01098351531312143,
  "duration_h": 0.29244281548515455,
  "odd_even_mismatch": 0.26566540399006966,
  "transit_count": 132,
  "distinct_transit_count": 43,
  "R_star": 0.725064,
  "M_star": 0.66,
  "npts_used": 390042,
  "tls_matches_bls": true
 }
}
per-transit (sector, depth, snr): [(15, 63, np.float64(0.4)), (16, 111, np.float64(0.7)), (16, 100, np.float64(0.6)), (17, 171, np.float64(1.0)), (17, 116, np.float64(0.7)), (18, -33, np.float64(-0.2)), (20, 45, np.float64(0.3)), (20, 56, np.float64(0.4)), (21, 133, np.float64(0.9)), (21, 253, np.float64(1.5)), (23, 265, np.float64(1.7)), (23, 234, np.float64(1.4)), (24, -63, np.float64(-0.4)), (24, 172, np.float64(1.1)), (25, -69, np.float64(-0.4)), (25, -22, np.float64(-0.2)), (26, 150, np.float64(1.0)), (40, 12, np.float64(0.1)), (40, 226, np.float64(1.2)), (50, 272, np.float64(1.4)), (51, 119, np.float64(0.6)), (51, 176, np.float64(1.0)), (52, 272, np.float64(1.8)), (52, 144, np.float64(1.0)), (53, 376, np.float64(2.0)), (54, -102, np.float64(-0.6)), (54, 144, np.float64(0.9)), (55, -92, np.float64(-0.6)), (55, 200, np.float64(1.2)), (75, 153, np.float64(1.0)), (76, -6, np.float64(-0.0)), (76, 144, np.float64(1.0)), (78, 334, np.float64(2.0)), (78, -245, np.float64(-1.5)), (80, 465, np.float64(2.7)), (81, 273, np.float64(1.9)), (81, 471, np.float64(3.0)), (82, 353, np.float64(2.3)), (82, 584, np.float64(3.6)), (83, 25, np.float64(0.2)), (83, 221, np.float64(1.6)), (86, 320, np.float64(2.0)), (86, 405, np.float64(2.3))]
