{
 "tic": 259606227,
 "P_cand": 1.06393,
 "npts": 8965,
 "baseline": 104.91846864264426,
 "nperiods": 20833,
 "pmin": 0.5,
 "pmax": 52.459234321322114,
 "cand_P": 1.063929903981164,
 "cand_snr": 13.347342344256123,
 "cand_sde": 10.674125320231758,
 "cand_is_global_max": true,
 "cand_rank": 1,
 "global_P": 1.063929903981164,
 "global_snr": 13.347342344256123,
 "global_sde": 10.674125320231758,
 "cand_depth_ppm": 162.79958103093,
 "cand_dur_h": 3.0,
 "cand_t0": 4046.5470583397537
}
top peaks: [(1.0639, 13.3, 10.7), (0.5324, 10.5, 7.5), (2.1277, 9.6, 6.6), (3.1906, 8.9, 5.8), (0.7094, 8.6, 5.5), (4.2548, 7.8, 4.6), (5.3182, 7.0, 3.8), (7.4488, 6.9, 3.6)]
