[transformers] [1mEsmModel LOAD REPORT[0m from: facebook/esm2_t12_35M_UR50D

== facebook/esm2_t12_35M_UR50D: heads whose attention is concentrated at a specific relative offset ==
L11H 5: peak offset  -1  mean attn 0.871  share of ±16 window 0.93
L 1H17: peak offset  -1  mean attn 0.828  share of ±16 window 0.91
L11H18: peak offset  +1  mean attn 0.850  share of ±16 window 0.91
L 1H 5: peak offset  +4  mean attn 0.872  share of ±16 window 0.88
L 1H 9: peak offset  -4  mean attn 0.872  share of ±16 window 0.88
L 1H16: peak offset  -2  mean attn 0.867  share of ±16 window 0.88
L 2H 9: peak offset  +1  mean attn 0.775  share of ±16 window 0.87
L 2H12: peak offset  +3  mean attn 0.849  share of ±16 window 0.86
L 7H17: peak offset  +1  mean attn 0.733  share of ±16 window 0.85
L 2H10: peak offset  +7  mean attn 0.812  share of ±16 window 0.85
L 2H11: peak offset  +2  mean attn 0.833  share of ±16 window 0.85
L10H 5: peak offset  -1  mean attn 0.729  share of ±16 window 0.85
L 1H 7: peak offset  -3  mean attn 0.831  share of ±16 window 0.84
L 2H19: peak offset  -3  mean attn 0.814  share of ±16 window 0.83
L 7H 0: peak offset  -1  mean attn 0.690  share of ±16 window 0.81
L 3H12: peak offset  -1  mean attn 0.632  share of ±16 window 0.81
L 3H 3: peak offset  -7  mean attn 0.710  share of ±16 window 0.79
L10H 4: peak offset  -2  mean attn 0.777  share of ±16 window 0.78
L 2H 6: peak offset +12  mean attn 0.692  share of ±16 window 0.77
L 2H 7: peak offset  -6  mean attn 0.640  share of ±16 window 0.73
L 8H15: peak offset  -3  mean attn 0.695  share of ±16 window 0.70
L 6H 7: peak offset  +4  mean attn 0.644  share of ±16 window 0.69
L 9H 2: peak offset  -4  mean attn 0.633  share of ±16 window 0.66
L 9H 0: peak offset  +3  mean attn 0.640  share of ±16 window 0.65
L 1H12: peak offset  -5  mean attn 0.609  share of ±16 window 0.62

all-head mean attention by offset (|d|=1..8): {1: 7.906, 2: 7.068, 3: 7.14, 4: 6.474, 5: 4.362, 6: 4.094, 7: 4.175, 8: 3.067}

== Which heads' i->i+d attention discriminates helix (d=3,4) or strand (d=2) pairs? (AUC, 18 proteins) ==
d=4 H: best L11H19 AUC=0.918   (most anti: L11H17 AUC=0.219)   n=1540 pos=0.26
d=3 H: best L10H6 AUC=0.824   (most anti: L11H2 AUC=0.164)   n=1558 pos=0.27
d=2 E: best L11H3 AUC=0.898   (most anti: L10H6 AUC=0.258)   n=1576 pos=0.14
d=1 H: best L8H8 AUC=0.751   (most anti: L11H19 AUC=0.118)   n=1594 pos=0.33
d=1 E: best L9H11 AUC=0.800   (most anti: L11H13 AUC=0.174)   n=1594 pos=0.17
d=2 H: best L7H18 AUC=0.717   (most anti: L11H19 AUC=0.095)   n=1576 pos=0.30
d=4 E: best L6H10 AUC=0.704   (most anti: L11H3 AUC=0.199)   n=1540 pos=0.09

Leave-one-protein-out helix classifier from (d=3,4) attention of all heads: mean AUC=0.832 over 16 proteins
