[transformers] [1mEsmModel LOAD REPORT[0m from: facebook/esm2_t30_150M_UR50D

== facebook/esm2_t30_150M_UR50D: single attention heads as contact predictors (|i-j|>=6, Cb<8A) ==
random baseline precision = contact density = 0.057
L28H 5: mean P@L=0.598  (per-protein min 0.12 max 0.83)
L27H16: mean P@L=0.566  (per-protein min 0.08 max 0.85)
L29H18: mean P@L=0.505  (per-protein min 0.09 max 0.75)
L29H10: mean P@L=0.484  (per-protein min 0.16 max 0.76)
L29H 5: mean P@L=0.426  (per-protein min 0.02 max 0.75)
L29H13: mean P@L=0.411  (per-protein min 0.04 max 0.65)
L26H12: mean P@L=0.392  (per-protein min 0.08 max 0.71)
L27H 2: mean P@L=0.386  (per-protein min 0.03 max 0.67)
median head P@L=0.086; heads with P@L>2x baseline: 135/600

leave-one-protein-out logistic regression over all heads:
  1APS n= 98 P@L=0.66 P@L/5=0.79 (best single head 0.60, density 0.05)
  1CRN n= 46 P@L=0.24 P@L/5=0.33 (best single head 0.33, density 0.08)
  1CSP n= 67 P@L=0.82 P@L/5=1.00 (best single head 0.75, density 0.08)
  1FKB n=107 P@L=0.81 P@L/5=0.90 (best single head 0.78, density 0.05)
  1HHO n=141 P@L=0.56 P@L/5=0.93 (best single head 0.57, density 0.02)
  1HRC n=104 P@L=0.48 P@L/5=0.90 (best single head 0.54, density 0.03)
  1MBN n=153 P@L=0.59 P@L/5=0.93 (best single head 0.56, density 0.02)
  1PGB n= 56 P@L=0.62 P@L/5=0.82 (best single head 0.64, density 0.08)
  1R69 n= 63 P@L=0.73 P@L/5=0.83 (best single head 0.63, density 0.05)
  1SHG n= 57 P@L=0.91 P@L/5=1.00 (best single head 0.77, density 0.10)
  1TEN n= 89 P@L=0.96 P@L/5=1.00 (best single head 0.84, density 0.06)
  1TIT n= 89 P@L=0.84 P@L/5=0.94 (best single head 0.81, density 0.06)
  1UBQ n= 76 P@L=0.79 P@L/5=0.80 (best single head 0.76, density 0.06)
  1WIT n= 93 P@L=0.91 P@L/5=0.94 (best single head 0.85, density 0.07)
  2ABD n= 86 P@L=0.09 P@L/5=0.06 (best single head 0.19, density 0.04)
  2CI2 n= 65 P@L=0.58 P@L/5=0.77 (best single head 0.51, density 0.06)
  2LZM n=164 P@L=0.54 P@L/5=0.72 (best single head 0.49, density 0.02)
  5PTI n= 58 P@L=0.71 P@L/5=0.91 (best single head 0.52, density 0.08)
mean P@L=0.659, mean P@L/5=0.810, baseline 0.057
