[transformers] [1mEsmModel LOAD REPORT[0m from: facebook/esm2_t12_35M_UR50D

== facebook/esm2_t12_35M_UR50D: single attention heads as contact predictors (|i-j|>=6, Cb<8A) ==
random baseline precision = contact density = 0.057
L11H13: mean P@L=0.445  (per-protein min 0.06 max 0.84)
L11H14: mean P@L=0.329  (per-protein min 0.03 max 0.74)
L10H15: mean P@L=0.285  (per-protein min 0.04 max 0.67)
L11H 8: mean P@L=0.271  (per-protein min 0.05 max 0.56)
L10H 2: mean P@L=0.232  (per-protein min 0.05 max 0.56)
L10H 8: mean P@L=0.189  (per-protein min 0.05 max 0.42)
L 9H 7: mean P@L=0.182  (per-protein min 0.04 max 0.38)
L11H 9: mean P@L=0.180  (per-protein min 0.01 max 0.44)
median head P@L=0.087; heads with P@L>2x baseline: 64/240

leave-one-protein-out logistic regression over all heads:
  1APS n= 98 P@L=0.42 P@L/5=0.74 (best single head 0.51, density 0.05)
  1CRN n= 46 P@L=0.17 P@L/5=0.33 (best single head 0.35, density 0.08)
  1CSP n= 67 P@L=0.75 P@L/5=1.00 (best single head 0.67, density 0.08)
  1FKB n=107 P@L=0.56 P@L/5=0.90 (best single head 0.54, density 0.05)
  1HHO n=141 P@L=0.12 P@L/5=0.18 (best single head 0.13, density 0.02)
  1HRC n=104 P@L=0.25 P@L/5=0.60 (best single head 0.29, density 0.03)
  1MBN n=153 P@L=0.17 P@L/5=0.23 (best single head 0.13, density 0.02)
  1PGB n= 56 P@L=0.50 P@L/5=0.82 (best single head 0.46, density 0.08)
  1R69 n= 63 P@L=0.63 P@L/5=0.83 (best single head 0.56, density 0.05)
  1SHG n= 57 P@L=0.75 P@L/5=1.00 (best single head 0.65, density 0.10)
  1TEN n= 89 P@L=0.88 P@L/5=1.00 (best single head 0.84, density 0.06)
  1TIT n= 89 P@L=0.65 P@L/5=0.94 (best single head 0.63, density 0.06)
  1UBQ n= 76 P@L=0.67 P@L/5=0.73 (best single head 0.66, density 0.06)
  1WIT n= 93 P@L=0.77 P@L/5=1.00 (best single head 0.74, density 0.07)
  2ABD n= 86 P@L=0.14 P@L/5=0.12 (best single head 0.21, density 0.04)
  2CI2 n= 65 P@L=0.43 P@L/5=0.77 (best single head 0.38, density 0.06)
  2LZM n=164 P@L=0.36 P@L/5=0.81 (best single head 0.28, density 0.02)
  5PTI n= 58 P@L=0.41 P@L/5=0.64 (best single head 0.38, density 0.08)
mean P@L=0.480, mean P@L/5=0.703, baseline 0.057
