CHGNet v0.3.0 initialized with 412,525 parameters
CHGNet will run on cpu
LiF   r+/r-=0.76 dEN=3.00 exp CN6 | E(ZB-RS)=+0.014 E(CsCl-RS)=+0.205 eV/at -> model RS CN6 OK
LiCl  r+/r-=0.54 dEN=2.18 exp CN6 | E(ZB-RS)=+0.002 E(CsCl-RS)=+0.243 eV/at -> model RS CN6 OK
LiBr  r+/r-=0.49 dEN=1.98 exp CN6 | E(ZB-RS)=-0.020 E(CsCl-RS)=+0.223 eV/at -> model ZB CN4 xx
LiI   r+/r-=0.44 dEN=1.68 exp CN6 | E(ZB-RS)=-0.051 E(CsCl-RS)=+0.275 eV/at -> model ZB CN4 xx
NaF   r+/r-=0.97 dEN=3.05 exp CN6 | E(ZB-RS)=+0.084 E(CsCl-RS)=+0.125 eV/at -> model RS CN6 OK
NaCl  r+/r-=0.69 dEN=2.23 exp CN6 | E(ZB-RS)=+0.078 E(CsCl-RS)=+0.112 eV/at -> model RS CN6 OK
NaBr  r+/r-=0.64 dEN=2.03 exp CN6 | E(ZB-RS)=+0.059 E(CsCl-RS)=+0.090 eV/at -> model RS CN6 OK
NaI   r+/r-=0.56 dEN=1.73 exp CN6 | E(ZB-RS)=+0.028 E(CsCl-RS)=+0.113 eV/at -> model RS CN6 OK
KF    r+/r-=1.28 dEN=3.16 exp CN6 | E(ZB-RS)=+0.079 E(CsCl-RS)=+0.072 eV/at -> model RS CN6 OK
KCl   r+/r-=0.91 dEN=2.34 exp CN6 | E(ZB-RS)=+0.132 E(CsCl-RS)=+0.063 eV/at -> model RS CN6 OK
KBr   r+/r-=0.84 dEN=2.14 exp CN6 | E(ZB-RS)=+0.088 E(CsCl-RS)=+0.058 eV/at -> model RS CN6 OK
KI    r+/r-=0.74 dEN=1.84 exp CN6 | E(ZB-RS)=+0.072 E(CsCl-RS)=+0.063 eV/at -> model RS CN6 OK
RbF   r+/r-=1.39 dEN=3.16 exp CN6 | E(ZB-RS)=+0.078 E(CsCl-RS)=+0.097 eV/at -> model RS CN6 OK
RbCl  r+/r-=0.99 dEN=2.34 exp CN6 | E(ZB-RS)=+0.118 E(CsCl-RS)=+0.064 eV/at -> model RS CN6 OK
RbBr  r+/r-=0.91 dEN=2.14 exp CN6 | E(ZB-RS)=+0.105 E(CsCl-RS)=+0.065 eV/at -> model RS CN6 OK
RbI   r+/r-=0.81 dEN=1.84 exp CN6 | E(ZB-RS)=+0.084 E(CsCl-RS)=+0.045 eV/at -> model RS CN6 OK
CsF   r+/r-=1.52 dEN=3.19 exp CN6 | E(ZB-RS)=+0.076 E(CsCl-RS)=+0.118 eV/at -> model RS CN6 OK
CsCl  r+/r-=1.08 dEN=2.37 exp CN8 | E(ZB-RS)=+0.079 E(CsCl-RS)=+0.058 eV/at -> model RS CN6 xx
CsBr  r+/r-=0.99 dEN=2.17 exp CN8 | E(ZB-RS)=+0.066 E(CsCl-RS)=+0.056 eV/at -> model RS CN6 xx
CsI   r+/r-=0.88 dEN=1.87 exp CN8 | E(ZB-RS)=+0.053 E(CsCl-RS)=+0.059 eV/at -> model RS CN6 xx
MgO   r+/r-=0.68 dEN=2.13 exp CN6 | E(ZB-RS)=+0.121 E(CsCl-RS)=+0.648 eV/at -> model RS CN6 OK
MgS   r+/r-=0.51 dEN=1.27 exp CN6 | E(ZB-RS)=+0.039 E(CsCl-RS)=+0.387 eV/at -> model RS CN6 OK
MgSe  r+/r-=0.47 dEN=1.24 exp CN6 | E(ZB-RS)=+0.014 E(CsCl-RS)=+0.407 eV/at -> model RS CN6 OK
MgTe  r+/r-=0.42 dEN=0.79 exp CN4 | E(ZB-RS)=-0.064 E(CsCl-RS)=+0.380 eV/at -> model ZB CN4 OK
CaO   r+/r-=0.90 dEN=2.44 exp CN6 | E(ZB-RS)=+0.153 E(CsCl-RS)=+0.374 eV/at -> model RS CN6 OK
CaS   r+/r-=0.67 dEN=1.58 exp CN6 | E(ZB-RS)=+0.246 E(CsCl-RS)=+0.155 eV/at -> model RS CN6 OK
CaSe  r+/r-=0.62 dEN=1.55 exp CN6 | E(ZB-RS)=+0.252 E(CsCl-RS)=+0.131 eV/at -> model RS CN6 OK
CaTe  r+/r-=0.55 dEN=1.10 exp CN6 | E(ZB-RS)=+0.170 E(CsCl-RS)=+0.150 eV/at -> model RS CN6 OK
SrO   r+/r-=1.05 dEN=2.49 exp CN6 | E(ZB-RS)=+0.155 E(CsCl-RS)=+0.337 eV/at -> model RS CN6 OK
SrS   r+/r-=0.78 dEN=1.63 exp CN6 | E(ZB-RS)=+0.276 E(CsCl-RS)=+0.166 eV/at -> model RS CN6 OK
SrSe  r+/r-=0.72 dEN=1.60 exp CN6 | E(ZB-RS)=+0.294 E(CsCl-RS)=+0.140 eV/at -> model RS CN6 OK
SrTe  r+/r-=0.64 dEN=1.15 exp CN6 | E(ZB-RS)=+0.253 E(CsCl-RS)=+0.132 eV/at -> model RS CN6 OK
BaO   r+/r-=1.18 dEN=2.55 exp CN6 | E(ZB-RS)=+0.072 E(CsCl-RS)=+0.269 eV/at -> model RS CN6 OK
BaS   r+/r-=0.88 dEN=1.69 exp CN6 | E(ZB-RS)=+0.224 E(CsCl-RS)=+0.154 eV/at -> model RS CN6 OK
BaSe  r+/r-=0.81 dEN=1.66 exp CN6 | E(ZB-RS)=+0.236 E(CsCl-RS)=+0.109 eV/at -> model RS CN6 OK
BaTe  r+/r-=0.72 dEN=1.21 exp CN6 | E(ZB-RS)=+0.290 E(CsCl-RS)=+0.128 eV/at -> model RS CN6 OK
ZnO   r+/r-=0.70 dEN=1.79 exp CN4 | E(ZB-RS)=-0.144 E(CsCl-RS)=+0.580 eV/at -> model ZB CN4 OK
ZnS   r+/r-=0.52 dEN=0.93 exp CN4 | E(ZB-RS)=-0.302 E(CsCl-RS)=+0.400 eV/at -> model ZB CN4 OK
ZnSe  r+/r-=0.48 dEN=0.90 exp CN4 | E(ZB-RS)=-0.262 E(CsCl-RS)=+0.456 eV/at -> model ZB CN4 OK
ZnTe  r+/r-=0.43 dEN=0.45 exp CN4 | E(ZB-RS)=-0.210 E(CsCl-RS)=+0.322 eV/at -> model ZB CN4 OK
CdO   r+/r-=0.87 dEN=1.75 exp CN6 | E(ZB-RS)=-0.014 E(CsCl-RS)=+0.352 eV/at -> model ZB CN4 xx
CdS   r+/r-=0.64 dEN=0.89 exp CN4 | E(ZB-RS)=-0.107 E(CsCl-RS)=+0.331 eV/at -> model ZB CN4 OK
CdSe  r+/r-=0.59 dEN=0.86 exp CN4 | E(ZB-RS)=-0.092 E(CsCl-RS)=+0.355 eV/at -> model ZB CN4 OK
CdTe  r+/r-=0.53 dEN=0.41 exp CN4 | E(ZB-RS)=-0.096 E(CsCl-RS)=+0.281 eV/at -> model ZB CN4 OK
AlN   r+/r-=0.51 dEN=1.43 exp CN4 | E(ZB-RS)=-0.208 E(CsCl-RS)=+1.115 eV/at -> model ZB CN4 OK
AlP   r+/r-=0.32 dEN=0.58 exp CN4 | E(ZB-RS)=-0.160 E(CsCl-RS)=+0.495 eV/at -> model ZB CN4 OK
AlAs  r+/r-=0.30 dEN=0.57 exp CN4 | E(ZB-RS)=-0.198 E(CsCl-RS)=+0.373 eV/at -> model ZB CN4 OK
AlSb  r+/r-=0.28 dEN=0.44 exp CN4 | E(ZB-RS)=-0.102 E(CsCl-RS)=+0.288 eV/at -> model ZB CN4 OK
GaN   r+/r-=0.58 dEN=1.23 exp CN4 | E(ZB-RS)=-0.423 E(CsCl-RS)=+0.776 eV/at -> model ZB CN4 OK
GaP   r+/r-=0.36 dEN=0.38 exp CN4 | E(ZB-RS)=-0.353 E(CsCl-RS)=+0.276 eV/at -> model ZB CN4 OK
GaAs  r+/r-=0.34 dEN=0.37 exp CN4 | E(ZB-RS)=-0.183 E(CsCl-RS)=+0.177 eV/at -> model ZB CN4 OK
GaSb  r+/r-=0.31 dEN=0.24 exp CN4 | E(ZB-RS)=-0.090 E(CsCl-RS)=+0.102 eV/at -> model ZB CN4 OK
InN   r+/r-=0.71 dEN=1.26 exp CN4 | E(ZB-RS)=-0.173 E(CsCl-RS)=+0.544 eV/at -> model ZB CN4 OK
InP   r+/r-=0.44 dEN=0.41 exp CN4 | E(ZB-RS)=-0.104 E(CsCl-RS)=+0.309 eV/at -> model ZB CN4 OK
InAs  r+/r-=0.42 dEN=0.40 exp CN4 | E(ZB-RS)=-0.076 E(CsCl-RS)=+0.215 eV/at -> model ZB CN4 OK
InSb  r+/r-=0.38 dEN=0.27 exp CN4 | E(ZB-RS)=-0.030 E(CsCl-RS)=+0.111 eV/at -> model ZB CN4 OK
CuCl  r+/r-=0.54 dEN=1.26 exp CN4 | E(ZB-RS)=-0.165 E(CsCl-RS)=+0.291 eV/at -> model ZB CN4 OK
CuBr  r+/r-=0.50 dEN=1.06 exp CN4 | E(ZB-RS)=-0.187 E(CsCl-RS)=+0.320 eV/at -> model ZB CN4 OK
CuI   r+/r-=0.44 dEN=0.76 exp CN4 | E(ZB-RS)=-0.235 E(CsCl-RS)=+0.420 eV/at -> model ZB CN4 OK
AgCl  r+/r-=0.77 dEN=1.23 exp CN6 | E(ZB-RS)=+0.012 E(CsCl-RS)=+0.090 eV/at -> model RS CN6 OK
AgBr  r+/r-=0.71 dEN=1.03 exp CN6 | E(ZB-RS)=-0.003 E(CsCl-RS)=+0.121 eV/at -> model ZB CN4 xx
AgI   r+/r-=0.63 dEN=0.73 exp CN4 | E(ZB-RS)=-0.054 E(CsCl-RS)=+0.188 eV/at -> model ZB CN4 OK
model vs experiment agreement: 0.8870967741935484 n= 62
