{
 "tic": 270619211,
 "P_cand": 6.52729,
 "npts": 16726,
 "baseline": 1849.6085351438248,
 "nperiods": 371581,
 "pmin": 0.5,
 "pmax": 60.0,
 "cand_P": 6.527160444468102,
 "cand_snr": 8.093037607704604,
 "cand_sde": 4.197764222223316,
 "cand_is_global_max": false,
 "cand_rank": 9,
 "global_P": 10.825021327825368,
 "global_snr": 9.614601528054413,
 "global_sde": 5.77287945053174,
 "cand_depth_ppm": 159.83801040608813,
 "cand_dur_h": 3.9375,
 "cand_t0": 1686.1857128118834
}
top peaks: [(10.825, 9.6, 5.8), (29.1074, 8.7, 4.8), (8.811, 8.7, 4.8), (50.9388, 8.5, 4.6), (2.2036, 8.4, 4.5), (30.4684, 8.3, 4.4), (15.2338, 8.3, 4.4), (1.1175, 8.3, 4.4)]
