Transit Least Squares TLS 2.0 (5 Oct 2026)
Creating model cache for 60 durations
Searching 83117 data points, 947 periods from 6.462 to 6.592 days
Using all 4 CPU threads
{
 "tic": 270619211,
 "P": 6.527135596681536,
 "t0": 1686.1861120563715,
 "dur_h": 5.040000000000001,
 "depth_ppm": 132.99362811808848,
 "depth_err_ppm": 17.516832096428868,
 "bls_snr": 7.592333327508556,
 "depth_odd_ppm": 160.95023814322042,
 "depth_odd_err": 23.84393692115075,
 "depth_even_ppm": 101.35299886016026,
 "depth_even_err": 25.338661511514893,
 "depth_half_ppm": 51.60640752355228,
 "depth_half_err": 12.895683672861535,
 "depth_phased_ppm": -36.76243718131467,
 "depth_phased_err": 18.369041663404364,
 "harmonic_delta_log_likelihood": -28.02973736525746,
 "npts": 83117,
 "nsec": 5,
 "baseline": 1849.6210351911516,
 "sap_depth_ppm": 164.7514562850283,
 "sap_depth_err_ppm": 23.24265227614506,
 "sap_over_pdc_depth": 1.2387921031731026,
 "bkg_in_transit_over_median": 0.786048541742837,
 "n_transits": 19,
 "n_transits_positive": 16,
 "depth_wmean_ppm": 143.24555249397866,
 "depth_wmean_err_ppm": 17.5613460930128,
 "chi2_red_depths": 2.9964615914712005,
 "snr_combined": 8.156866320798285,
 "snr_without_strongest": 7.187090430438888,
 "n_transits_snr_gt2": 9,
 "max_single_snr": 5.03425559947299,
 "sectors_with_transits": [
  14,
  15,
  74,
  75,
  81
 ],
 "tls": {
  "P": 6.5272421653729245,
  "t0": 1686.164056647761,
  "SDE": 4.732972920323667,
  "snr": 3.1499047242113787,
  "depth": 0.9998532141539229,
  "rp_rs": 0.01089555198302676,
  "duration_h": 0.33531757606327256,
  "odd_even_mismatch": 1.188024846714383,
  "transit_count": 283,
  "distinct_transit_count": 19,
  "R_star": 1.55729,
  "M_star": 1.43,
  "npts_used": 83117,
  "tls_matches_bls": true
 }
}
per-transit (sector, depth, snr): [(14, -54, np.float64(-0.7)), (14, 18, np.float64(0.2)), (14, 206, np.float64(2.7)), (14, 145, np.float64(1.8)), (15, 65, np.float64(0.9)), (15, 4, np.float64(0.0)), (15, 230, np.float64(2.9)), (15, 316, np.float64(4.2)), (74, 107, np.float64(1.3)), (74, 382, np.float64(5.0)), (74, -43, np.float64(-0.6)), (74, 228, np.float64(3.0)), (75, 247, np.float64(3.0)), (75, 258, np.float64(3.5)), (75, 246, np.float64(3.2)), (81, 108, np.float64(1.5)), (81, -82, np.float64(-1.1)), (81, 111, np.float64(1.5)), (81, 217, np.float64(2.8))]
