{
 "tic": 307210830,
 "P_cand": 1.04918,
 "npts": 79178,
 "baseline": 2691.5517261696473,
 "nperiods": 484564,
 "pmin": 0.5,
 "pmax": 4.999999999999999,
 "cand_P": 1.0491800456320395,
 "cand_snr": 35.32675642018798,
 "cand_sde": 41.2925589149746,
 "cand_is_global_max": true,
 "cand_rank": 1,
 "global_P": 1.0491800456320395,
 "global_snr": 35.32675642018798,
 "global_sde": 41.2925589149746,
 "cand_depth_ppm": 180.91810967427276,
 "cand_dur_h": 1.5,
 "cand_t0": 1354.7157425581772
}
top peaks: [(1.0492, 35.3, 41.3), (0.5246, 32.3, 37.5), (2.0984, 26.0, 29.3), (3.1476, 21.3, 23.3), (4.1967, 18.5, 19.7), (1.5738, 18.3, 19.5), (0.6995, 15.5, 15.8), (2.623, 15.1, 15.4)]
t0=1354.7157425581772
