Transit Least Squares TLS 2.0 (5 Oct 2026)
Creating model cache for 43 durations
Searching 402458 data points, 7405 periods from 1.039 to 1.06 days
Using all 4 CPU threads
{
 "tic": 307210830,
 "P": 1.0491856858200173,
 "t0": 1354.7104649144542,
 "dur_h": 1.4,
 "depth_ppm": 189.41540799063606,
 "depth_err_ppm": 5.2416367645045545,
 "bls_snr": 36.13669098044412,
 "depth_odd_ppm": 184.6222149459731,
 "depth_odd_err": 7.380946727167653,
 "depth_even_ppm": 194.01465526713847,
 "depth_even_err": 7.23445260814578,
 "depth_half_ppm": 124.69302754358758,
 "depth_half_err": 3.8428156876154285,
 "depth_phased_ppm": 55.12761971249169,
 "depth_phased_err": 5.308451290260077,
 "harmonic_delta_log_likelihood": -644.6392475453031,
 "npts": 402458,
 "nsec": 27,
 "baseline": 2691.5642261485687,
 "sap_depth_ppm": 216.55306363732586,
 "sap_depth_err_ppm": 6.759185613963388,
 "sap_over_pdc_depth": 1.1432705814937263,
 "bkg_in_transit_over_median": 0.997386429010016,
 "n_transits": 572,
 "n_transits_positive": 508,
 "depth_wmean_ppm": 199.7621609796974,
 "depth_wmean_err_ppm": 5.045817550899934,
 "chi2_red_depths": 1.7939533094835833,
 "snr_combined": 39.589652016662654,
 "snr_without_strongest": 39.38865425861573,
 "n_transits_snr_gt2": 230,
 "max_single_snr": 5.244710211591537,
 "sectors_with_transits": [
  2,
  5,
  8,
  9,
  10,
  11,
  12,
  28,
  29,
  32,
  35,
  36,
  37,
  38,
  39,
  61,
  62,
  63,
  64,
  65,
  69,
  87,
  88,
  89,
  90,
  96,
  98
 ],
 "tls": {
  "P": 1.0491825993304476,
  "t0": 1354.7149612816563,
  "SDE": 23.65925186944515,
  "snr": 17.162072994061248,
  "depth": 0.9998176942911422,
  "rp_rs": 0.012142476767066321,
  "duration_h": 0.3060463703422587,
  "odd_even_mismatch": 0.7990307665319749,
  "transit_count": 2565,
  "distinct_transit_count": 556,
  "R_star": 0.31416,
  "M_star": 0.292836,
  "npts_used": 402458,
  "tls_matches_bls": true
 }
}
per-transit (sector, depth, snr): [(2, 79, np.float64(0.8)), (2, 12, np.float64(0.1)), (2, 388, np.float64(3.6)), (2, 120, np.float64(1.1)), (2, 28, np.float64(0.2)), (2, 58, np.float64(0.4)), (2, 386, np.float64(3.2)), (2, 372, np.float64(3.5)), (2, 115, np.float64(1.1)), (2, 391, np.float64(3.4)), (2, 327, np.float64(2.6)), (2, 221, np.float64(1.5)), (2, -100, np.float64(-0.8)), (2, 276, np.float64(2.2)), (2, -44, np.float64(-0.4)), (2, 131, np.float64(1.1)), (2, 285, np.float64(2.7)), (2, -91, np.float64(-0.7)), (2, 9, np.float64(0.1)), (2, 54, np.float64(0.4)), (2, 128, np.float64(1.1)), (2, 96, np.float64(0.7)), (5, 85, np.float64(0.7)), (5, 202, np.float64(1.8)), (5, 79, np.float64(0.6)), (5, 186, np.float64(1.6)), (5, 106, np.float64(0.8)), (5, 122, np.float64(1.0)), (5, 122, np.float64(1.2)), (5, 254, np.float64(2.2)), (5, 98, np.float64(0.7)), (5, 107, np.float64(1.0)), (5, 52, np.float64(0.5)), (5, 27, np.float64(0.2)), (5, 80, np.float64(0.6)), (5, 329, np.float64(2.8)), (5, 95, np.float64(0.8)), (5, 163, np.float64(1.3)), (5, 109, np.float64(0.9)), (5, 418, np.float64(2.2)), (5, 170, np.float64(1.5)), (5, 595, np.float64(4.6)), (5, 109, np.float64(0.9)), (8, 54, np.float64(0.4)), (8, 235, np.float64(1.5)), (8, 0, np.float64(-0.0)), (8, 62, np.float64(0.5)), (8, 190, np.float64(1.6)), (8, -133, np.float64(-1.0)), (8, 295, np.float64(2.4)), (8, -76, np.float64(-0.6)), (8, -252, np.float64(-1.8)), (8, 519, np.float64(4.6)), (8, 150, np.float64(1.3)), (8, -32, np.float64(-0.3)), (8, 156, np.float64(1.4)), (8, 144, np.float64(1.2)), (8, -18, np.float64(-0.2)), (8, 86, np.float64(0.7)), (8, 114, np.float64(1.1)), (9, -54, np.float64(-0.4)), (9, 153, np.float64(1.3)), (9, 146, np.float64(1.2)), (9, 264, np.float64(2.2)), (9, 336, np.float64(2.8)), (9, 281, np.float64(2.3)), (9, 244, np.float64(2.2)), (9, 125, np.float64(1.0)), (9, 285, np.float64(2.5)), (9, 312, np.float64(2.7)), (9, 175, np.float64(1.6)), (9, -108, np.float64(-0.9)), (9, 142, np.float64(1.1)), (9, 207, np.float64(1.8)), (9, 174, np.float64(1.5)), (9, 140, np.float64(1.1)), (9, 262, np.float64(2.3)), (9, 53, np.float64(0.5)), (9, 73, np.float64(0.4)), (9, 199, np.float64(1.6)), (10, 532, np.float64(4.0)), (10, 526, np.float64(4.6)), (10, -214, np.float64(-0.8)), (10, 345, np.float64(2.9)), (10, 426, np.float64(3.6)), (10, 288, np.float64(2.5)), (10, 376, np.float64(3.0)), (10, 548, np.float64(4.2)), (10, 286, np.float64(2.1)), (10, 273, np.float64(2.3)), (10, 279, np.float64(2.3)), (10, 211, np.float64(1.8)), (10, 844, np.float64(3.1)), (10, 332, np.float64(2.8)), (10, 194, np.float64(1.6)), (10, 376, np.float64(3.4)), (10, 546, np.float64(4.5)), (10, 283, np.float64(2.3)), (10, 291, np.float64(2.4)), (11, 376, np.float64(3.4)), (11, 159, np.float64(1.4)), (11, 410, np.float64(3.6)), (11, 516, np.float64(3.8)), (11, 241, np.float64(2.0)), (11, 292, np.float64(2.6)), (11, 434, np.float64(3.9)), (11, 387, np.float64(3.5)), (11, 106, np.float64(0.8)), (11, 363, np.float64(3.2)), (11, 303, np.float64(2.9)), (11, 163, np.float64(1.4)), (11, 265, np.float64(2.4)), (12, 162, np.float64(0.8)), (12, 128, np.float64(1.0)), (12, 112, np.float64(0.9)), (12, 10, np.float64(0.1)), (12, 222, np.float64(1.8)), (12, -110, np.float64(-1.0)), (12, 89, np.float64(0.8)), (12, 299, np.float64(2.4)), (12, 420, np.float64(3.4)), (12, 77, np.float64(0.6)), (12, -76, np.float64(-0.5)), (12, 236, np.float64(2.1)), (12, -87, np.float64(-0.8)), (12, 315, np.float64(2.6)), (12, 199, np.float64(1.5)), (12, 244, np.float64(2.0)), (12, 243, np.float64(2.0)), (12, 119, np.float64(1.0)), (12, 79, np.float64(0.7)), (12, 281, np.float64(2.3)), (28, -172, np.float64(-1.5)), (28, -7, np.float64(-0.1)), (28, -143, np.float64(-1.2)), (28, -61, np.float64(-0.5)), (28, 310, np.float64(2.5)), (28, 327, np.float64(2.6)), (28, 91, np.float64(0.7)), (28, 388, np.float64(3.3)), (28, 257, np.float64(2.1)), (28, 149, np.float64(1.2)), (28, -30, np.float64(-0.2)), (28, 310, np.float64(2.6)), (28, 417, np.float64(3.4)), (28, 70, np.float64(0.6)), (28, 156, np.float64(1.2)), (28, 128, np.float64(1.0)), (28, 357, np.float64(3.0)), (28, 137, np.float64(1.1)), (29, 126, np.float64(1.1)), (29, 148, np.float64(1.3)), (29, 423, np.float64(3.9)), (29, 224, np.float64(2.0)), (29, 188, np.float64(1.5)), (29, 197, np.float64(1.0)), (29, 392, np.float64(3.6)), (29, 341, np.float64(2.6)), (29, 257, np.float64(2.1)), (29, 300, np.float64(2.5)), (29, 91, np.float64(0.8)), (29, 288, np.float64(2.3)), (29, 299, np.float64(2.4)), (29, 315, np.float64(2.6)), (29, 216, np.float64(1.8)), (29, 164, np.float64(1.3)), (29, 156, np.float64(1.4)), (29, 194, np.float64(1.7)), (29, 102, np.float64(0.8)), (32, 18, np.float64(0.2)), (32, 229, np.float64(2.0)), (32, 385, np.float64(1.3)), (32, 108, np.float64(0.9)), (32, -9, np.float64(-0.1)), (32, 117, np.float64(1.0)), (32, 66, np.float64(0.6)), (32, 139, np.float64(1.1)), (32, 42, np.float64(0.4)), (32, 127, np.float64(1.0)), (32, 126, np.float64(1.1)), (32, -85, np.float64(-0.7)), (32, 138, np.float64(1.1)), (32, -3, np.float64(-0.0)), (32, 306, np.float64(2.6)), (32, 35, np.float64(0.2)), (32, 81, np.float64(0.7)), (32, -13, np.float64(-0.1)), (32, 76, np.float64(0.6)), (32, 85, np.float64(0.7)), (32, -168, np.float64(-1.3)), (35, -178, np.float64(-0.9)), (35, 131, np.float64(1.2)), (35, -148, np.float64(-1.4)), (35, -99, np.float64(-0.9)), (35, 139, np.float64(1.2)), (35, 181, np.float64(1.6)), (35, 26, np.float64(0.2)), (35, 102, np.float64(1.0)), (35, -154, np.float64(-1.1)), (35, 194, np.float64(1.7)), (35, 162, np.float64(1.3)), (35, 226, np.float64(2.1)), (35, 401, np.float64(3.3)), (35, 254, np.float64(2.3)), (35, 134, np.float64(1.1)), (35, -80, np.float64(-0.7)), (35, 119, np.float64(1.1)), (35, 367, np.float64(2.9)), (36, 141, np.float64(1.2)), (36, 93, np.float64(0.7)), (36, 88, np.float64(0.8)), (36, 137, np.float64(1.1)), (36, 483, np.float64(4.3)), (36, 266, np.float64(2.3)), (36, 159, np.float64(1.3)), (36, 83, np.float64(0.8)), (36, 170, np.float64(1.5)), (36, 141, np.float64(1.2)), (36, 300, np.float64(2.3)), (36, 311, np.float64(3.0)), (36, 153, np.float64(1.4)), (36, -44, np.float64(-0.4)), (36, 121, np.float64(0.3)), (36, 209, np.float64(1.8)), (36, 179, np.float64(1.2)), (36, 307, np.float64(2.6)), (36, -40, np.float64(-0.3)), (36, -15, np.float64(-0.1)), (36, 68, np.float64(0.6)), (37, 447, np.float64(3.8)), (37, 265, np.float64(2.3)), (37, 463, np.float64(3.9)), (37, 191, np.float64(1.6)), (37, 391, np.float64(3.2)), (37, 262, np.float64(2.3)), (37, 222, np.float64(1.9)), (37, 605, np.float64(4.6)), (37, 138, np.float64(1.1)), (37, 528, np.float64(3.0)), (37, 100, np.float64(0.8)), (37, 570, np.float64(5.2)), (37, 210, np.float64(1.7)), (37, 170, np.float64(1.4)), (37, 338, np.float64(3.1)), (37, 386, np.float64(3.2)), (37, 403, np.float64(2.7)), (37, 291, np.float64(2.3)), (38, 307, np.float64(2.5)), (38, 139, np.float64(1.2)), (38, 480, np.float64(4.1)), (38, 244, np.float64(2.1)), (38, 88, np.float64(0.7)), (38, 70, np.float64(0.6)), (38, 410, np.float64(3.5)), (38, 185, np.float64(1.6)), (38, 327, np.float64(2.7)), (38, 130, np.float64(1.1)), (38, 337, np.float64(3.1)), (38, -352, np.float64(-1.3)), (38, 39, np.float64(0.4)), (38, 317, np.float64(2.7)), (38, 183, np.float64(1.7)), (38, 203, np.float64(1.7)), (38, 262, np.float64(2.1)), (38, 14, np.float64(0.1)), (38, 176, np.float64(1.6)), (38, 251, np.float64(2.2)), (38, 243, np.float64(2.1)), (38, 100, np.float64(0.8)), (38, 119, np.float64(1.0)), (38, 167, np.float64(1.0)), (39, 170, np.float64(1.3)), (39, -28, np.float64(-0.2)), (39, -63, np.float64(-0.6)), (39, 299, np.float64(2.6)), (39, 302, np.float64(2.4)), (39, 207, np.float64(1.6)), (39, 65, np.float64(0.5)), (39, -9, np.float64(-0.1)), (39, 32, np.float64(0.3)), (39, -64, np.float64(-0.5)), (39, 262, np.float64(2.2)), (39, 302, np.float64(2.4)), (39, -195, np.float64(-1.6)), (39, 79, np.float64(0.8)), (39, 135, np.float64(1.2)), (39, 56, np.float64(0.5)), (39, 105, np.float64(0.8)), (39, -17, np.float64(-0.1)), (39, 208, np.float64(1.6)), (39, 158, np.float64(1.4)), (39, 20, np.float64(0.2)), (39, 214, np.float64(2.0)), (39, -45, np.float64(-0.3)), (39, 6, np.float64(0.0)), (39, 211, np.float64(1.5)), (39, -44, np.float64(-0.4)), (61, 202, np.float64(1.7)), (61, -46, np.float64(-0.4)), (61, 405, np.float64(3.5)), (61, 298, np.float64(2.5)), (61, 284, np.float64(2.4)), (61, 118, np.float64(1.1)), (61, 162, np.float64(1.4)), (61, 65, np.float64(0.6)), (61, 244, np.float64(2.0)), (61, -8, np.float64(-0.1)), (61, 305, np.float64(2.6)), (61, 288, np.float64(2.3)), (61, 55, np.float64(0.4)), (61, 451, np.float64(3.4)), (61, -72, np.float64(-0.5)), (61, 269, np.float64(2.2)), (61, 153, np.float64(1.3)), (61, -189, np.float64(-1.6)), (61, -51, np.float64(-0.3)), (61, 174, np.float64(1.5)), (62, 89, np.float64(0.8)), (62, 62, np.float64(0.6)), (62, 194, np.float64(1.6)), (62, 113, np.float64(1.0)), (62, 40, np.float64(0.3)), (62, 363, np.float64(3.2)), (62, 104, np.float64(0.8)), (62, 25, np.float64(0.2)), (62, 337, np.float64(2.7)), (62, 227, np.float64(1.8)), (62, -137, np.float64(-1.1)), (62, 135, np.float64(1.2)), (62, 18, np.float64(0.2)), (62, 216, np.float64(1.7)), (62, -151, np.float64(-1.1)), (62, 445, np.float64(4.2)), (62, -68, np.float64(-0.5)), (62, 241, np.float64(2.0)), (62, -101, np.float64(-0.8)), (62, 36, np.float64(0.3)), (62, -163, np.float64(-1.2)), (63, 428, np.float64(3.7)), (63, 333, np.float64(2.8)), (63, 229, np.float64(2.0)), (63, 130, np.float64(0.7)), (63, 257, np.float64(2.1)), (63, 554, np.float64(4.6)), (63, 211, np.float64(1.8)), (63, 414, np.float64(3.8)), (63, 477, np.float64(3.8)), (63, 148, np.float64(1.4)), (63, 156, np.float64(1.3)), (63, 595, np.float64(5.1)), (63, 307, np.float64(2.7)), (63, 382, np.float64(2.8)), (63, 222, np.float64(1.8)), (63, 295, np.float64(2.6)), (63, 184, np.float64(1.6)), (63, 370, np.float64(3.0)), (63, 204, np.float64(1.6)), (63, 211, np.float64(1.8)), (63, 370, np.float64(1.7)), (63, 249, np.float64(2.0)), (63, 617, np.float64(4.9)), (63, 401, np.float64(3.6)), (63, 355, np.float64(2.6)), (63, 581, np.float64(4.2)), (64, 325, np.float64(2.8)), (64, 519, np.float64(4.3)), (64, 248, np.float64(2.3)), (64, 385, np.float64(3.5)), (64, 541, np.float64(4.2)), (64, 618, np.float64(5.2)), (64, 234, np.float64(2.2)), (64, 207, np.float64(1.7)), (64, 316, np.float64(2.8)), (64, 592, np.float64(4.8)), (64, 560, np.float64(4.9)), (64, 348, np.float64(2.8)), (64, 353, np.float64(3.2)), (64, 404, np.float64(2.8)), (64, 438, np.float64(4.0)), (64, 482, np.float64(4.1)), (64, 322, np.float64(2.8)), (64, 397, np.float64(3.3)), (64, 466, np.float64(1.3)), (64, 180, np.float64(1.6)), (64, 241, np.float64(1.9)), (64, 296, np.float64(2.4)), (64, 262, np.float64(2.4)), (65, 136, np.float64(1.1)), (65, 193, np.float64(1.8)), (65, 160, np.float64(1.5)), (65, 309, np.float64(2.7)), (65, 194, np.float64(1.6)), (65, 503, np.float64(4.4)), (65, 232, np.float64(1.9)), (65, 407, np.float64(3.3)), (65, 255, np.float64(2.3)), (65, 385, np.float64(3.2)), (65, 54, np.float64(0.4)), (65, 65, np.float64(0.5)), (65, -35, np.float64(-0.3)), (65, 536, np.float64(4.9)), (65, 127, np.float64(1.2)), (65, 242, np.float64(2.3)), (65, 258, np.float64(2.3)), (65, 24, np.float64(0.2)), (65, 170, np.float64(1.3)), (65, 232, np.float64(2.0)), (65, 397, np.float64(3.7)), (65, -59, np.float64(-0.5)), (65, 193, np.float64(1.2)), (65, 82, np.float64(0.6)), (69, 288, np.float64(2.5)), (69, 316, np.float64(2.6)), (69, 298, np.float64(2.6)), (69, 120, np.float64(1.0)), (69, 215, np.float64(1.7)), (69, 170, np.float64(1.5)), (69, 46, np.float64(0.4)), (69, 134, np.float64(1.2)), (69, 122, np.float64(1.0)), (69, 269, np.float64(2.1)), (69, 175, np.float64(1.4)), (69, 132, np.float64(1.2)), (69, 213, np.float64(1.8)), (69, 263, np.float64(2.2)), (69, 571, np.float64(2.0)), (69, 232, np.float64(1.8)), (69, 434, np.float64(3.4)), (69, 420, np.float64(3.6)), (69, 407, np.float64(3.5)), (69, 53, np.float64(0.4)), (87, 339, np.float64(2.7)), (87, 139, np.float64(1.2)), (87, 393, np.float64(3.2)), (87, 11, np.float64(0.1)), (87, 203, np.float64(1.7)), (87, 93, np.float64(0.7)), (87, 257, np.float64(2.3)), (87, 98, np.float64(0.8)), (87, -48, np.float64(-0.4)), (87, 167, np.float64(1.4)), (87, 249, np.float64(2.3)), (87, 155, np.float64(1.3)), (87, 153, np.float64(1.2)), (87, 80, np.float64(0.7)), (87, 360, np.float64(3.1)), (87, 471, np.float64(3.7)), (87, 526, np.float64(1.6)), (88, 272, np.float64(2.2)), (88, 426, np.float64(3.6)), (88, 327, np.float64(2.6)), (88, 264, np.float64(2.2)), (88, 297, np.float64(2.6)), (88, 312, np.float64(2.6)), (88, 137, np.float64(1.2)), (88, -50, np.float64(-0.4)), (88, 199, np.float64(1.7)), (88, 97, np.float64(0.8)), (88, 147, np.float64(1.0)), (88, 134, np.float64(1.2)), (88, 7, np.float64(0.1)), (88, 117, np.float64(1.0)), (88, 152, np.float64(1.3)), (88, 266, np.float64(2.4)), (88, 235, np.float64(2.1)), (88, -27, np.float64(-0.2)), (88, 15, np.float64(0.1)), (88, 268, np.float64(2.2)), (88, 301, np.float64(2.4)), (88, 292, np.float64(2.2)), (89, 121, np.float64(1.1)), (89, 37, np.float64(0.3)), (89, 242, np.float64(1.6)), (89, 56, np.float64(0.5)), (89, 137, np.float64(1.3)), (89, 94, np.float64(0.8)), (89, 128, np.float64(1.1)), (89, 198, np.float64(1.8)), (89, 211, np.float64(1.9)), (89, 289, np.float64(2.7)), (89, 144, np.float64(1.3)), (89, 132, np.float64(1.2)), (89, 236, np.float64(2.0)), (89, 307, np.float64(2.8)), (89, 236, np.float64(1.9)), (89, 406, np.float64(3.8)), (89, 404, np.float64(3.3)), (89, 256, np.float64(2.2)), (89, 15, np.float64(0.1)), (89, 154, np.float64(1.3)), (89, 136, np.float64(1.2)), (89, -58, np.float64(-0.5)), (89, 80, np.float64(0.7)), (89, 386, np.float64(3.4)), (89, 104, np.float64(0.8)), (89, 237, np.float64(2.2)), (89, 448, np.float64(2.4)), (90, 476, np.float64(4.4)), (90, 135, np.float64(1.1)), (90, 39, np.float64(0.2)), (90, 349, np.float64(2.7)), (90, 183, np.float64(1.5)), (90, 237, np.float64(2.0)), (90, 600, np.float64(4.9)), (90, 407, np.float64(3.4)), (90, 201, np.float64(1.7)), (90, 287, np.float64(2.5)), (90, 366, np.float64(3.0)), (90, 406, np.float64(3.3)), (90, 361, np.float64(3.1)), (90, 30, np.float64(0.2)), (90, 312, np.float64(2.5)), (90, 572, np.float64(5.0)), (90, 48, np.float64(0.4)), (90, 280, np.float64(2.4)), (90, 420, np.float64(3.5)), (90, 294, np.float64(2.4)), (90, 335, np.float64(3.0)), (90, 242, np.float64(1.8)), (90, 648, np.float64(5.2)), (96, 167, np.float64(1.3)), (96, 192, np.float64(1.6)), (96, -130, np.float64(-1.1)), (96, 318, np.float64(2.8)), (96, 183, np.float64(1.4)), (96, 184, np.float64(1.7)), (96, 222, np.float64(1.7)), (96, 158, np.float64(1.4)), (96, 385, np.float64(1.7)), (96, 104, np.float64(0.9)), (96, 412, np.float64(3.7)), (96, -134, np.float64(-1.2)), (96, 59, np.float64(0.5)), (96, 312, np.float64(2.6)), (96, 88, np.float64(0.8)), (96, 113, np.float64(1.0)), (96, 328, np.float64(3.0)), (96, 244, np.float64(2.0)), (96, 357, np.float64(3.0)), (98, 40, np.float64(0.3)), (98, 539, np.float64(3.3)), (98, 343, np.float64(2.9)), (98, -7, np.float64(-0.1)), (98, 205, np.float64(1.4)), (98, 218, np.float64(1.8)), (98, 212, np.float64(1.8)), (98, 2, np.float64(0.0)), (98, -47, np.float64(-0.4)), (98, 155, np.float64(1.2)), (98, 69, np.float64(0.6)), (98, 345, np.float64(2.8)), (98, -56, np.float64(-0.5)), (98, 41, np.float64(0.4)), (98, 306, np.float64(2.7)), (98, 160, np.float64(1.3)), (98, 449, np.float64(3.6)), (98, 5, np.float64(0.0)), (98, 101, np.float64(0.8)), (98, 205, np.float64(1.2)), (98, 81, np.float64(0.6)), (98, 271, np.float64(2.3)), (98, 294, np.float64(2.4)), (98, 258, np.float64(2.1)), (98, -278, np.float64(-0.8)), (98, 415, np.float64(3.2)), (98, 200, np.float64(1.2)), (98, 16, np.float64(0.1)), (98, 307, np.float64(2.7)), (98, 314, np.float64(2.6)), (98, 110, np.float64(1.0)), (98, 185, np.float64(1.4)), (98, 265, np.float64(2.2))]
