{
 "tic": 82452140,
 "sector": 26,
 "n_transits_used": 2,
 "target_pix": [
  5.348008624950198,
  5.027566646869792
 ],
 "direct_centroid": [
  5.568911956875042,
  5.126369863572046
 ],
 "diff_centroid_in_aperture": [
  4.881265564128084,
  5.08398855621268
 ],
 "diff_centroid_snr3": [
  NaN,
  NaN
 ],
 "offset_pix": 0.688951185985911,
 "offset_arcsec": 14.46797490570413,
 "offset_from_target_pix": 0.4701409540547316,
 "max_diff_snr": 2.2158028786863646,
 "diff_peak_pix": [
  3,
  7
 ],
 "direct_peak_pix": [
  5,
  5
 ],
 "total_depth_in_aperture_ppm": 301.26180104274124
}
