{
 "tic": 82452140,
 "P_cand": 14.67821,
 "npts": 17601,
 "baseline": 1523.6687634379125,
 "nperiods": 306101,
 "pmin": 0.5,
 "pmax": 60.0,
 "cand_P": 14.678122519128923,
 "cand_snr": 10.433436860683305,
 "cand_sde": 8.153985949833453,
 "cand_is_global_max": true,
 "cand_rank": 1,
 "global_P": 14.678122519128923,
 "global_snr": 10.433436860683305,
 "global_sde": 8.153985949833453,
 "cand_depth_ppm": 399.67384523968,
 "cand_dur_h": 3.0,
 "cand_t0": 1970.5373493050126
}
top peaks: [(14.6781, 10.4, 8.2), (29.3562, 8.4, 5.8), (7.339, 8.1, 5.5), (45.9605, 7.7, 5.1), (56.5325, 7.7, 5.0), (53.9424, 7.6, 4.9), (47.1995, 7.6, 4.9), (58.0899, 7.6, 4.9)]
