{
 "tic": 142937186,
 "sector": 107,
 "n_transits_used": 2,
 "target_pix": [
  4.357784970794999,
  4.459106251355225
 ],
 "direct_centroid": [
  4.169702754734692,
  4.586971506468705
 ],
 "diff_centroid_in_aperture": [
  3.8974797381919473,
  5.184735168182128
 ],
 "diff_centroid_snr3": [
  NaN,
  NaN
 ],
 "offset_pix": 0.656830850372202,
 "offset_arcsec": 13.793447857816242,
 "offset_from_target_pix": 0.8593126509583886,
 "max_diff_snr": 2.3163923023198443,
 "diff_peak_pix": [
  4,
  6
 ],
 "direct_peak_pix": [
  4,
  5
 ],
 "total_depth_in_aperture_ppm": 186.81041928147886
}
