{
 "tic": 142937186,
 "P_cand": 22.19137,
 "npts": 9974,
 "baseline": 2146.048414257535,
 "nperiods": 431135,
 "pmin": 0.5,
 "pmax": 60.0,
 "cand_P": 22.202340812077544,
 "cand_snr": 10.828807168626492,
 "cand_sde": 5.0147952158178954,
 "cand_is_global_max": false,
 "cand_rank": 9,
 "global_P": 1.306044813409391,
 "global_snr": 24.46717846017097,
 "global_sde": 15.346100211557323,
 "cand_depth_ppm": 706.2251157171827,
 "cand_dur_h": 0.75,
 "cand_t0": 2157.8677342237106
}
top peaks: [(1.306, 24.5, 15.3), (2.6121, 17.2, 9.8), (0.653, 16.2, 9.1), (3.918, 15.3, 8.4), (5.2241, 13.6, 7.1), (6.5301, 13.2, 6.8), (7.8362, 11.4, 5.5), (9.1422, 11.3, 5.4)]
