{
 "tic": 29191624,
 "P_cand": 6.40988,
 "npts": 6565,
 "baseline": 765.3377521554128,
 "nperiods": 153754,
 "pmin": 0.5,
 "pmax": 60.0,
 "cand_P": 6.409836629300759,
 "cand_snr": 7.999924481461514,
 "cand_sde": 5.428190630064389,
 "cand_is_global_max": true,
 "cand_rank": 1,
 "global_P": 6.409836629300759,
 "global_snr": 7.999924481461514,
 "global_sde": 5.428190630064389,
 "cand_depth_ppm": 204.11595465534498,
 "cand_dur_h": 2.0625,
 "cand_t0": 1871.7992410256522
}
top peaks: [(6.4098, 8.0, 5.4), (52.0961, 7.4, 4.7), (56.1034, 7.4, 4.7), (2.1367, 7.2, 4.5), (34.7306, 7.0, 4.2), (20.2591, 6.9, 4.1), (1.9155, 6.9, 4.0), (17.0933, 6.9, 4.0)]
