{
 "tic": 219778329,
 "sector": 47,
 "n_transits_used": 1,
 "target_pix": [
  5.991483697488332,
  6.9024971579117755
 ],
 "direct_centroid": [
  5.860273186207718,
  7.013670591117569
 ],
 "diff_centroid_in_aperture": [
  5.90168410929421,
  6.909079795878425
 ],
 "diff_centroid_snr3": [
  8.0,
  3.0
 ],
 "offset_pix": 0.11249043959213612,
 "offset_arcsec": 2.3622992314348585,
 "offset_from_target_pix": 0.09004053066499482,
 "max_diff_snr": 3.105045534786968,
 "diff_peak_pix": [
  8,
  3
 ],
 "direct_peak_pix": [
  6,
  7
 ],
 "total_depth_in_aperture_ppm": 228.70886841555378
}
