{
 "tic": 219778329,
 "sector": 19,
 "n_transits_used": 1,
 "target_pix": [
  6.011640859555318,
  6.084716619739322
 ],
 "direct_centroid": [
  5.9245950113583525,
  6.145939060696121
 ],
 "diff_centroid_in_aperture": [
  6.2511770596234,
  5.8284862839575515
 ],
 "diff_centroid_snr3": [
  5.925766227924493,
  5.0226460993044
 ],
 "offset_pix": 0.4554471426060568,
 "offset_arcsec": 9.564389994727193,
 "offset_from_target_pix": 0.35075857240828046,
 "max_diff_snr": 4.435438223253913,
 "diff_peak_pix": [
  6,
  11
 ],
 "direct_peak_pix": [
  6,
  6
 ],
 "total_depth_in_aperture_ppm": 354.42445773550224
}
