{
 "tic": 219778329,
 "sector": 75,
 "n_transits_used": 1,
 "target_pix": [
  4.882575360650383,
  5.651478522496149
 ],
 "direct_centroid": [
  4.769906919263363,
  5.743287140236618
 ],
 "diff_centroid_in_aperture": [
  4.246383906419816,
  5.69898236872694
 ],
 "diff_centroid_snr3": [
  5.0,
  8.0
 ],
 "offset_pix": 0.5253943830641027,
 "offset_arcsec": 11.033282044346157,
 "offset_from_target_pix": 0.6379625238544355,
 "max_diff_snr": 3.040685749964529,
 "diff_peak_pix": [
  5,
  8
 ],
 "direct_peak_pix": [
  5,
  6
 ],
 "total_depth_in_aperture_ppm": 335.6596188969912
}
