{
 "tic": 219778329,
 "sector": 73,
 "n_transits_used": 1,
 "target_pix": [
  5.115571733425043,
  6.252546769257055
 ],
 "direct_centroid": [
  5.010527805313427,
  6.3315208073004055
 ],
 "diff_centroid_in_aperture": [
  5.30099705018883,
  6.026871541912776
 ],
 "diff_centroid_snr3": [
  NaN,
  NaN
 ],
 "offset_pix": 0.42093177252342084,
 "offset_arcsec": 8.839567222991837,
 "offset_from_target_pix": 0.29208193428187734,
 "max_diff_snr": 2.9840016868936248,
 "diff_peak_pix": [
  5,
  2
 ],
 "direct_peak_pix": [
  5,
  6
 ],
 "total_depth_in_aperture_ppm": 368.7087488965449
}
