{
 "tic": 219778329,
 "sector": 53,
 "n_transits_used": 1,
 "target_pix": [
  4.621373517153686,
  5.388790225555644
 ],
 "direct_centroid": [
  4.5160470570281035,
  5.418115931806316
 ],
 "diff_centroid_in_aperture": [
  4.6094025968737755,
  5.262303592969812
 ],
 "diff_centroid_snr3": [
  7.546288120852059,
  8.758779493794853
 ],
 "offset_pix": 0.1816390424814509,
 "offset_arcsec": 3.814419892110469,
 "offset_from_target_pix": 0.12705184435989558,
 "max_diff_snr": 3.9754012411013946,
 "diff_peak_pix": [
  8,
  8
 ],
 "direct_peak_pix": [
  5,
  5
 ],
 "total_depth_in_aperture_ppm": 95.84526503719525
}
