{
 "tic": 219778329,
 "P_cand": 54.76998,
 "npts": 120334,
 "baseline": 1979.2594840237052,
 "nperiods": 397628,
 "pmin": 0.5,
 "pmax": 60.0,
 "cand_P": 54.46245521958544,
 "cand_snr": 6.582702174659863,
 "cand_sde": 3.7451988413318826,
 "cand_is_global_max": false,
 "cand_rank": 9,
 "global_P": 56.992859332413076,
 "global_snr": 7.984880523655395,
 "global_sde": 5.638139914530122,
 "cand_depth_ppm": 140.92813803026758,
 "cand_dur_h": 0.75,
 "cand_t0": 1709.2904371071631
}
top peaks: [(56.9929, 8.0, 5.6), (0.5592, 7.5, 5.0), (43.3038, 7.5, 5.0), (42.1804, 7.4, 4.9), (20.7135, 7.3, 4.7), (25.6695, 7.3, 4.7), (9.8813, 7.2, 4.6), (7.5742, 7.2, 4.6)]
