Transit Least Squares TLS 2.0 (5 Oct 2026)
Creating model cache for 60 durations
Searching 243538 data points, 598 periods from 54.3 to 55.394 days
Using all 4 CPU threads
{
 "tic": 219778329,
 "P": 54.84711919288421,
 "t0": 1695.5949510499472,
 "dur_h": 0.8999999999999999,
 "depth_ppm": 132.69420176013088,
 "depth_err_ppm": 19.13414937067839,
 "bls_snr": 6.934941250300603,
 "depth_odd_ppm": 103.3277684956424,
 "depth_odd_err": 27.90995189646487,
 "depth_even_ppm": 158.71876768136505,
 "depth_even_err": 26.274478407662066,
 "depth_half_ppm": 83.63905732611255,
 "depth_half_err": 13.425736737943238,
 "depth_phased_ppm": 36.10686569621713,
 "depth_phased_err": 18.830157706077394,
 "harmonic_delta_log_likelihood": -21.725103504257277,
 "npts": 596755,
 "nsec": 38,
 "baseline": 1979.2705950997158,
 "sap_depth_ppm": 160.12092510109267,
 "sap_depth_err_ppm": 33.49181626056825,
 "sap_over_pdc_depth": 1.2066911965794904,
 "bkg_in_transit_over_median": 1.1487166029762061,
 "n_transits": 15,
 "n_transits_positive": 14,
 "depth_wmean_ppm": 156.06895731199864,
 "depth_wmean_err_ppm": 21.69648900205709,
 "chi2_red_depths": 1.2077700009410262,
 "snr_combined": 7.193281700887246,
 "snr_without_strongest": 6.369839785394237,
 "n_transits_snr_gt2": 6,
 "max_single_snr": 3.802910052910053,
 "sectors_with_transits": [
  14,
  18,
  20,
  26,
  40,
  48,
  52,
  54,
  56,
  58,
  75,
  77,
  78,
  83,
  85
 ],
 "tls": {
  "P": 54.846242031975144,
  "t0": 1695.6147420086206,
  "SDE": 4.875544550720952,
  "snr": 4.67233772123252,
  "depth": 0.9998526833709426,
  "rp_rs": 0.010915233563703209,
  "duration_h": 0.3387751994528292,
  "odd_even_mismatch": 0.4900861012834937,
  "transit_count": 36,
  "distinct_transit_count": 15,
  "R_star": 1.15025,
  "M_star": 1.04,
  "npts_used": 243538,
  "tls_matches_bls": true
 }
}
per-transit (sector, depth, snr): [(14, 275, np.float64(3.6)), (18, -24, np.float64(-0.3)), (20, 85, np.float64(1.0)), (26, 288, np.float64(3.8)), (40, 99, np.float64(1.3)), (48, 164, np.float64(1.9)), (52, 162, np.float64(2.1)), (54, 194, np.float64(2.5)), (56, 168, np.float64(1.9)), (58, 184, np.float64(1.9)), (75, 104, np.float64(1.2)), (77, 16, np.float64(0.2)), (78, 160, np.float64(1.9)), (83, 201, np.float64(2.3)), (85, 320, np.float64(2.5))]
