{
 "tic": 67535663,
 "P_cand": 0.58952,
 "npts": 5603,
 "baseline": 53.054749920327595,
 "nperiods": 9812,
 "pmin": 0.5,
 "pmax": 26.527374960163794,
 "cand_P": 0.5893568042497377,
 "cand_snr": 11.371035543458326,
 "cand_sde": 7.183206738902252,
 "cand_is_global_max": true,
 "cand_rank": 1,
 "global_P": 0.5893568042497377,
 "global_snr": 11.371035543458326,
 "global_sde": 7.183206738902252,
 "cand_depth_ppm": 261.921489789527,
 "cand_dur_h": 2.0625,
 "cand_t0": 4046.645716568265
}
top peaks: [(0.5894, 11.4, 7.2), (1.1784, 8.3, 4.2), (4.7061, 7.7, 3.6), (5.3028, 7.6, 3.5), (2.3555, 7.4, 3.3), (13.1293, 7.2, 3.1), (26.5274, 6.9, 2.9), (16.0124, 6.9, 2.8)]
