{
 "tic": 146282666,
 "sector": 30,
 "n_transits_used": 2,
 "target_pix": [
  4.258545683636429,
  4.518375652031906
 ],
 "direct_centroid": [
  4.086801574750598,
  4.4816323953258115
 ],
 "diff_centroid_in_aperture": [
  3.948074483462862,
  3.8220235222721475
 ],
 "diff_centroid_snr3": [
  NaN,
  NaN
 ],
 "offset_pix": 0.6740393692272585,
 "offset_arcsec": 14.154826753772427,
 "offset_from_target_pix": 0.7624294424785589,
 "max_diff_snr": 2.3728091058034027,
 "diff_peak_pix": [
  4,
  2
 ],
 "direct_peak_pix": [
  4,
  5
 ],
 "total_depth_in_aperture_ppm": 92.28486521157521
}
