{
 "tic": 146282666,
 "P_cand": 9.99508,
 "npts": 17024,
 "baseline": 2904.608803879446,
 "nperiods": 583527,
 "pmin": 0.5,
 "pmax": 60.0,
 "cand_P": 9.995127396037484,
 "cand_snr": 11.527369370705062,
 "cand_sde": 10.151193366575221,
 "cand_is_global_max": true,
 "cand_rank": 1,
 "global_P": 9.995127396037484,
 "global_snr": 11.527369370705062,
 "global_sde": 10.151193366575221,
 "cand_depth_ppm": 194.13485460970278,
 "cand_dur_h": 3.9375,
 "cand_t0": 1389.3054487215668
}
top peaks: [(9.9951, 11.5, 10.2), (19.9898, 9.5, 7.6), (28.8953, 9.3, 7.4), (4.9975, 9.3, 7.3), (49.9751, 9.1, 7.1), (24.9875, 9.1, 7.1), (59.9988, 8.1, 5.9), (16.6582, 7.9, 5.6)]
