{
 "tic": 352402781,
 "P_cand": 33.694459,
 "npts": 21149,
 "baseline": 2547.3009846595414,
 "nperiods": 379326,
 "pmin": 1.0,
 "pmax": 60.0,
 "cand_P": 33.697537745851974,
 "cand_snr": 30.646740722374876,
 "cand_sde": 5.140839477824457,
 "cand_is_global_max": false,
 "cand_rank": 9,
 "global_P": 45.246003127224654,
 "global_snr": 38.18381861230068,
 "global_sde": 6.988872156930427,
 "cand_depth_ppm": 328.7256519738442,
 "cand_dur_h": 3.0,
 "cand_t0": 1657.6718957385249
}
top peaks: [(45.246, 38.2, 7.0), (58.1708, 36.7, 6.6), (55.5863, 36.7, 6.6), (53.4883, 36.7, 6.6), (40.4352, 36.7, 6.6), (52.2291, 36.7, 6.6), (47.3129, 36.7, 6.6), (50.2799, 36.7, 6.6)]
