{
 "tic": 734710085,
 "P": 1.328380598843254,
 "t0": 2175.61034651704,
 "dur_h": 7.899999999999999,
 "depth_ppm": 194.79468861387232,
 "depth_err_ppm": 6.760952730914929,
 "bls_snr": 28.811721715367128,
 "depth_odd_ppm": 207.99584448338848,
 "depth_odd_err": 8.882335955930463,
 "depth_even_ppm": 184.7437923472306,
 "depth_even_err": 9.015466392647685,
 "depth_half_ppm": 35.877908301951145,
 "depth_half_err": 5.844515375998623,
 "depth_phased_ppm": -93.75504722752837,
 "depth_phased_err": 7.164282748771824,
 "harmonic_delta_log_likelihood": 161.45644177171562,
 "npts": 50331,
 "nsec": 3,
 "baseline": 79.59680505046572,
 "sap_depth_ppm": 116.05217605126228,
 "sap_depth_err_ppm": 5.001082473028578,
 "sap_over_pdc_depth": 0.5957666344861398,
 "bkg_in_transit_over_median": 0.999486625651116,
 "n_transits": 56,
 "n_transits_positive": 54,
 "depth_wmean_ppm": 196.97708165959165,
 "depth_wmean_err_ppm": 6.562116341642901,
 "chi2_red_depths": 4.446503619571939,
 "snr_combined": 30.017310179276123,
 "snr_without_strongest": 29.299208768415916,
 "n_transits_snr_gt2": 49,
 "max_single_snr": 6.94871794871795,
 "sectors_with_transits": [
  32,
  33,
  34
 ]
}
per-transit (sector, depth, snr): [(32, -855, np.float64(-8.8)), (32, 137, np.float64(3.1)), (32, 185, np.float64(4.1)), (32, 207, np.float64(4.3)), (32, 260, np.float64(5.6)), (32, 254, np.float64(5.7)), (32, 269, np.float64(5.5)), (32, 209, np.float64(4.6)), (32, 202, np.float64(4.1)), (32, 298, np.float64(7.0)), (32, 124, np.float64(2.9)), (32, 249, np.float64(5.7)), (32, 177, np.float64(3.9)), (32, 197, np.float64(4.4)), (32, 132, np.float64(2.9)), (32, 216, np.float64(4.8)), (32, -22, np.float64(-0.5)), (32, 314, np.float64(6.8)), (32, 203, np.float64(4.4)), (33, 94, np.float64(2.0)), (33, 260, np.float64(5.2)), (33, 212, np.float64(4.3)), (33, 182, np.float64(3.2)), (33, 199, np.float64(4.0)), (33, 229, np.float64(4.7)), (33, 321, np.float64(6.3)), (33, 325, np.float64(6.7)), (33, 264, np.float64(5.2)), (33, 215, np.float64(2.2)), (33, 143, np.float64(2.9)), (33, 228, np.float64(4.4)), (33, 68, np.float64(1.4)), (33, 149, np.float64(3.1)), (33, 222, np.float64(4.3)), (33, 125, np.float64(2.6)), (33, 218, np.float64(4.6)), (33, 107, np.float64(2.1)), (33, 318, np.float64(5.1)), (34, 231, np.float64(4.8)), (34, 116, np.float64(2.4)), (34, 93, np.float64(2.0)), (34, 126, np.float64(2.6)), (34, 284, np.float64(6.0)), (34, 219, np.float64(4.9)), (34, 218, np.float64(4.8)), (34, 274, np.float64(5.4)), (34, 87, np.float64(1.6)), (34, 295, np.float64(6.2)), (34, 305, np.float64(6.4)), (34, 171, np.float64(3.3)), (34, 169, np.float64(3.0)), (34, 253, np.float64(5.2)), (34, 287, np.float64(5.9)), (34, 203, np.float64(4.1)), (34, 168, np.float64(3.1)), (34, 59, np.float64(0.7))]
