{
 "tic": 734710085,
 "P_cand": 1.3276869,
 "npts": 9989,
 "baseline": 79.56069345990863,
 "nperiods": 14928,
 "pmin": 0.5,
 "pmax": 29.99999999999999,
 "cand_P": 1.3292229259068487,
 "cand_snr": 24.553811592373116,
 "cand_sde": 9.40745222995315,
 "cand_is_global_max": true,
 "cand_rank": 1,
 "global_P": 1.3292229259068487,
 "global_snr": 24.553811592373116,
 "global_sde": 9.40745222995315,
 "cand_depth_ppm": 183.8922397058399,
 "cand_dur_h": 6.0,
 "cand_t0": 2175.5715623885862
}
top peaks: [(1.3292, 24.6, 9.4), (2.6608, 19.6, 7.0), (5.3165, 14.9, 4.7), (3.9821, 14.9, 4.7), (6.6374, 14.5, 4.5), (8.0002, 12.7, 3.7), (10.625, 11.7, 3.2), (15.96, 11.6, 3.1)]
