{
 "tic": 734710085,
 "P": 1.3276869,
 "t0": 2175.6394090170397,
 "dur_h": 2.8,
 "depth_ppm": 196.65670359551248,
 "depth_err_ppm": 10.276068667970325,
 "bls_snr": 19.137348138639393,
 "depth_odd_ppm": 224.03432397333222,
 "depth_odd_err": 14.031091610934048,
 "depth_even_ppm": 168.67230053985162,
 "depth_even_err": 14.389016910904045,
 "depth_half_ppm": 31.543580819692885,
 "depth_half_err": 7.6523389958790355,
 "depth_phased_ppm": -122.52229570952622,
 "depth_phased_err": 10.337826701890618,
 "harmonic_delta_log_likelihood": 408.7031134800418,
 "npts": 50331,
 "nsec": 3,
 "baseline": 79.59680505046572,
 "sap_depth_ppm": 62.63388929061975,
 "sap_depth_err_ppm": 8.40129390366139,
 "sap_over_pdc_depth": 0.31849353795457896,
 "bkg_in_transit_over_median": 0.9998402079841222,
 "n_transits": 54,
 "n_transits_positive": 43,
 "depth_wmean_ppm": 118.73257409102415,
 "depth_wmean_err_ppm": 10.884093044867948,
 "chi2_red_depths": 2.565934063255777,
 "snr_combined": 10.908816527161973,
 "snr_without_strongest": 10.25793507780572,
 "n_transits_snr_gt2": 19,
 "max_single_snr": 5.525990099009901,
 "sectors_with_transits": [
  32,
  33,
  34
 ]
}
per-transit (sector, depth, snr): [(32, 232, np.float64(3.1)), (32, 262, np.float64(3.4)), (32, -36, np.float64(-0.4)), (32, 204, np.float64(2.7)), (32, 58, np.float64(0.8)), (32, 296, np.float64(3.5)), (32, 119, np.float64(1.6)), (32, 27, np.float64(0.3)), (32, 173, np.float64(2.4)), (32, 19, np.float64(0.3)), (32, 214, np.float64(3.0)), (32, 86, np.float64(1.1)), (32, 135, np.float64(1.8)), (32, 116, np.float64(1.6)), (32, 141, np.float64(1.8)), (32, 8, np.float64(0.1)), (32, 323, np.float64(4.0)), (32, 149, np.float64(2.1)), (33, -76, np.float64(-1.0)), (33, 222, np.float64(2.8)), (33, -8, np.float64(-0.1)), (33, -278, np.float64(-2.9)), (33, 133, np.float64(1.5)), (33, 199, np.float64(2.4)), (33, 246, np.float64(3.2)), (33, 286, np.float64(3.2)), (33, 170, np.float64(2.1)), (33, -35, np.float64(-0.4)), (33, 64, np.float64(0.8)), (33, -12, np.float64(-0.2)), (33, 5, np.float64(0.1)), (33, 122, np.float64(1.4)), (33, 61, np.float64(0.8)), (33, 132, np.float64(1.6)), (33, -149, np.float64(-1.9)), (33, 277, np.float64(3.5)), (34, 239, np.float64(3.2)), (34, -46, np.float64(-0.6)), (34, 164, np.float64(2.1)), (34, 107, np.float64(1.3)), (34, 446, np.float64(5.5)), (34, 136, np.float64(1.7)), (34, 72, np.float64(0.9)), (34, 101, np.float64(1.2)), (34, -122, np.float64(-1.4)), (34, 286, np.float64(3.7)), (34, 141, np.float64(1.8)), (34, 157, np.float64(1.8)), (34, 128, np.float64(1.4)), (34, -56, np.float64(-0.7)), (34, 143, np.float64(1.7)), (34, 227, np.float64(2.8)), (34, 174, np.float64(2.0)), (34, -89, np.float64(-0.6))]
