{
 "tic": 307210830,
 "P_cand": 23.0816786,
 "npts": 78405,
 "baseline": 2691.5517261696473,
 "nperiods": 400807,
 "pmin": 1.0,
 "pmax": 60.0,
 "cand_P": 23.082223777203208,
 "cand_snr": 9.519881678034356,
 "cand_sde": 7.80171236657272,
 "cand_is_global_max": false,
 "cand_rank": 9,
 "global_P": 1.0491800274822265,
 "global_snr": 35.224732196874776,
 "global_sde": 41.521305270944914,
 "cand_depth_ppm": 219.75424710540977,
 "cand_dur_h": 1.5,
 "cand_t0": 1363.0985550581772
}
top peaks: [(1.0492, 35.2, 41.5), (2.0984, 25.7, 29.0), (3.1476, 21.0, 22.8), (1.5738, 18.4, 19.5), (4.1967, 18.0, 18.9), (5.2459, 16.6, 17.0), (6.2951, 16.1, 16.4), (2.623, 15.2, 15.2)]
