{
 "tic": 307210830,
 "P": 23.082009185790675,
 "t0": 1361.012964914454,
 "dur_h": 1.5,
 "depth_ppm": 224.2017450003018,
 "depth_err_ppm": 22.831809151607555,
 "bls_snr": 9.819710015599709,
 "depth_odd_ppm": 214.22565922557536,
 "depth_odd_err": 34.866201014158236,
 "depth_even_ppm": 231.6698367423875,
 "depth_even_err": 30.17303169538347,
 "depth_half_ppm": 198.36162288733306,
 "depth_half_err": 16.206061271117935,
 "depth_phased_ppm": 171.78020958297236,
 "depth_phased_err": 22.940744808917216,
 "harmonic_delta_log_likelihood": -48.050839966046624,
 "npts": 398519,
 "nsec": 27,
 "baseline": 2691.5642261485687,
 "sap_depth_ppm": 224.63227725322275,
 "sap_depth_err_ppm": 30.26237240571407,
 "sap_over_pdc_depth": 1.0019202894826726,
 "bkg_in_transit_over_median": 0.9622921560426848,
 "n_transits": 26,
 "n_transits_positive": 26,
 "depth_wmean_ppm": 253.05463567924772,
 "depth_wmean_err_ppm": 22.54883701512533,
 "chi2_red_depths": 1.342150185046223,
 "snr_combined": 11.222513848918394,
 "snr_without_strongest": 10.564883957179816,
 "n_transits_snr_gt2": 13,
 "max_single_snr": 4.419827586206897,
 "sectors_with_transits": [
  2,
  5,
  8,
  9,
  10,
  12,
  28,
  32,
  35,
  36,
  37,
  38,
  39,
  62,
  63,
  64,
  65,
  69,
  87,
  88,
  89,
  90,
  96,
  98
 ]
}
per-transit (sector, depth, snr): [(2, 314, np.float64(2.6)), (5, 20, np.float64(0.2)), (8, 193, np.float64(1.7)), (9, 208, np.float64(1.9)), (10, 362, np.float64(3.6)), (12, 223, np.float64(1.7)), (28, 29, np.float64(0.2)), (32, 302, np.float64(2.7)), (35, 214, np.float64(2.0)), (36, 128, np.float64(1.2)), (37, 460, np.float64(3.0)), (38, 104, np.float64(0.9)), (39, 70, np.float64(0.7)), (62, 191, np.float64(1.6)), (63, 513, np.float64(4.4)), (64, 413, np.float64(4.0)), (65, 126, np.float64(1.1)), (65, 386, np.float64(3.8)), (69, 320, np.float64(2.6)), (87, 398, np.float64(3.3)), (88, 285, np.float64(2.4)), (89, 178, np.float64(1.6)), (90, 350, np.float64(3.0)), (96, 382, np.float64(3.5)), (98, 276, np.float64(2.5)), (98, 98, np.float64(0.8))]
