{
 "tic": 198512478,
 "P_cand": 25.32377,
 "npts": 25009,
 "baseline": 1711.2163281866467,
 "nperiods": 343779,
 "pmin": 0.5,
 "pmax": 60.0,
 "cand_P": 25.323881210170523,
 "cand_snr": 8.08146625332458,
 "cand_sde": 4.850934876649561,
 "cand_is_global_max": false,
 "cand_rank": 4,
 "global_P": 47.00989117136424,
 "global_snr": 8.611061672845036,
 "global_sde": 5.476505894773538,
 "cand_depth_ppm": 155.807145587776,
 "cand_dur_h": 2.0625,
 "cand_t0": 1689.4643002508099
}
top peaks: [(47.0099, 8.6, 5.5), (44.682, 8.2, 5.0), (10.8254, 8.1, 4.9), (25.3239, 8.1, 4.9), (5.5626, 8.0, 4.8), (34.8749, 8.0, 4.7), (45.8874, 7.8, 4.5), (0.6491, 7.6, 4.3)]
